normalisation stats: outputs/norm_stats.json (train-time, reused)
model_mc0_unet_mobilenet_v2.pt: arch=unet encoder=mobilenet_v2 in_ch=19

inference:   0%|          | 0/370 [00:00<?, ?it/s]
inference:   0%|          | 1/370 [00:00<00:55,  6.69it/s]
inference:   1%|          | 2/370 [00:00<00:53,  6.90it/s]
inference:   1%|          | 3/370 [00:00<00:53,  6.86it/s]
inference:   1%|          | 4/370 [00:00<00:53,  6.89it/s]
inference:   1%|▏         | 5/370 [00:00<00:53,  6.86it/s]
inference:   2%|▏         | 6/370 [00:00<00:52,  6.87it/s]
inference:   2%|▏         | 7/370 [00:01<00:52,  6.87it/s]
inference:   2%|▏         | 8/370 [00:01<00:52,  6.94it/s]
inference:   2%|▏         | 9/370 [00:01<00:51,  6.95it/s]
inference:   3%|▎         | 10/370 [00:01<00:51,  6.96it/s]
inference:   3%|▎         | 11/370 [00:01<00:51,  6.93it/s]
inference:   3%|▎         | 12/370 [00:01<00:51,  7.01it/s]
inference:   4%|▎         | 13/370 [00:01<00:50,  7.10it/s]
inference:   4%|▍         | 14/370 [00:02<00:50,  7.07it/s]
inference:   4%|▍         | 15/370 [00:02<00:49,  7.13it/s]
inference:   4%|▍         | 16/370 [00:02<00:50,  7.08it/s]
inference:   5%|▍         | 17/370 [00:02<00:50,  7.05it/s]
inference:   5%|▍         | 18/370 [00:02<00:50,  7.02it/s]
inference:   5%|▌         | 19/370 [00:02<00:49,  7.04it/s]
inference:   5%|▌         | 20/370 [00:02<00:49,  7.02it/s]
inference:   6%|▌         | 21/370 [00:03<00:49,  7.06it/s]
inference:   6%|▌         | 22/370 [00:03<00:49,  7.01it/s]
inference:   6%|▌         | 23/370 [00:03<00:49,  7.04it/s]
inference:   6%|▋         | 24/370 [00:03<00:49,  7.03it/s]
inference:   7%|▋         | 25/370 [00:03<00:48,  7.06it/s]
inference:   7%|▋         | 26/370 [00:03<00:48,  7.04it/s]
inference:   7%|▋         | 27/370 [00:03<00:48,  7.08it/s]
inference:   8%|▊         | 28/370 [00:03<00:48,  7.07it/s]
inference:   8%|▊         | 29/370 [00:04<00:48,  7.10it/s]
inference:   8%|▊         | 30/370 [00:04<00:47,  7.14it/s]
inference:   8%|▊         | 31/370 [00:04<00:47,  7.13it/s]
inference:   9%|▊         | 32/370 [00:04<00:46,  7.20it/s]
inference:   9%|▉         | 33/370 [00:04<00:46,  7.24it/s]
inference:   9%|▉         | 34/370 [00:04<00:46,  7.23it/s]
inference:   9%|▉         | 35/370 [00:04<00:46,  7.21it/s]
inference:  10%|▉         | 36/370 [00:05<00:46,  7.13it/s]
inference:  10%|█         | 37/370 [00:05<00:47,  7.08it/s]
inference:  10%|█         | 38/370 [00:05<00:47,  6.98it/s]
inference:  11%|█         | 39/370 [00:05<00:47,  6.93it/s]
inference:  11%|█         | 40/370 [00:05<00:47,  6.96it/s]
inference:  11%|█         | 41/370 [00:05<00:47,  6.96it/s]
inference:  11%|█▏        | 42/370 [00:05<00:46,  7.02it/s]
inference:  12%|█▏        | 43/370 [00:06<00:46,  6.98it/s]
inference:  12%|█▏        | 44/370 [00:06<00:46,  6.99it/s]
inference:  12%|█▏        | 45/370 [00:06<00:45,  7.13it/s]
inference:  12%|█▏        | 46/370 [00:06<00:45,  7.15it/s]
inference:  13%|█▎        | 47/370 [00:06<00:44,  7.24it/s]
inference:  13%|█▎        | 48/370 [00:06<00:45,  7.15it/s]
inference:  13%|█▎        | 49/370 [00:06<00:44,  7.16it/s]
inference:  14%|█▎        | 50/370 [00:07<00:44,  7.23it/s]
inference:  14%|█▍        | 51/370 [00:07<00:44,  7.13it/s]
inference:  14%|█▍        | 52/370 [00:07<00:45,  7.02it/s]
inference:  14%|█▍        | 53/370 [00:07<00:45,  7.03it/s]
inference:  15%|█▍        | 54/370 [00:07<00:45,  7.02it/s]
inference:  15%|█▍        | 55/370 [00:07<00:44,  7.05it/s]
inference:  15%|█▌        | 56/370 [00:07<00:44,  7.02it/s]
inference:  15%|█▌        | 57/370 [00:08<00:44,  7.04it/s]
inference:  16%|█▌        | 58/370 [00:08<00:44,  7.02it/s]
inference:  16%|█▌        | 59/370 [00:08<00:44,  7.06it/s]
inference:  16%|█▌        | 60/370 [00:08<00:44,  7.04it/s]
inference:  16%|█▋        | 61/370 [00:08<00:44,  7.01it/s]
inference:  17%|█▋        | 62/370 [00:08<00:44,  6.96it/s]
inference:  17%|█▋        | 63/370 [00:08<00:43,  7.00it/s]
inference:  17%|█▋        | 64/370 [00:09<00:43,  7.07it/s]
inference:  18%|█▊        | 65/370 [00:09<00:43,  7.02it/s]
inference:  18%|█▊        | 66/370 [00:09<00:42,  7.12it/s]
inference:  18%|█▊        | 67/370 [00:09<00:42,  7.09it/s]
inference:  18%|█▊        | 68/370 [00:09<00:42,  7.03it/s]
inference:  19%|█▊        | 69/370 [00:09<00:42,  7.01it/s]
inference:  19%|█▉        | 70/370 [00:09<00:42,  6.98it/s]
inference:  19%|█▉        | 71/370 [00:10<00:42,  6.99it/s]
inference:  19%|█▉        | 72/370 [00:10<00:42,  6.97it/s]
inference:  20%|█▉        | 73/370 [00:10<00:42,  7.02it/s]
inference:  20%|██        | 74/370 [00:10<00:42,  7.02it/s]
inference:  20%|██        | 75/370 [00:10<00:42,  7.02it/s]
inference:  21%|██        | 76/370 [00:10<00:42,  6.95it/s]
inference:  21%|██        | 77/370 [00:10<00:42,  6.95it/s]
inference:  21%|██        | 78/370 [00:11<00:41,  7.03it/s]
inference:  21%|██▏       | 79/370 [00:11<00:41,  6.97it/s]
inference:  22%|██▏       | 80/370 [00:11<00:41,  6.97it/s]
inference:  22%|██▏       | 81/370 [00:11<00:41,  7.02it/s]
inference:  22%|██▏       | 82/370 [00:11<00:41,  6.98it/s]
inference:  22%|██▏       | 83/370 [00:11<00:40,  7.00it/s]
inference:  23%|██▎       | 84/370 [00:11<00:41,  6.96it/s]
inference:  23%|██▎       | 85/370 [00:12<00:41,  6.95it/s]
inference:  23%|██▎       | 86/370 [00:12<00:41,  6.92it/s]
inference:  24%|██▎       | 87/370 [00:12<00:40,  6.96it/s]
inference:  24%|██▍       | 88/370 [00:12<00:40,  6.93it/s]
inference:  24%|██▍       | 89/370 [00:12<00:40,  6.89it/s]
inference:  24%|██▍       | 90/370 [00:12<00:40,  6.84it/s]
inference:  25%|██▍       | 91/370 [00:12<00:40,  6.86it/s]
inference:  25%|██▍       | 92/370 [00:13<00:40,  6.85it/s]
inference:  25%|██▌       | 93/370 [00:13<00:40,  6.88it/s]
inference:  25%|██▌       | 94/370 [00:13<00:39,  6.97it/s]
inference:  26%|██▌       | 95/370 [00:13<00:39,  6.90it/s]
inference:  26%|██▌       | 96/370 [00:13<00:39,  6.86it/s]
inference:  26%|██▌       | 97/370 [00:13<00:39,  6.87it/s]
inference:  26%|██▋       | 98/370 [00:13<00:39,  6.88it/s]
inference:  27%|██▋       | 99/370 [00:14<00:39,  6.94it/s]
inference:  27%|██▋       | 100/370 [00:14<00:38,  6.94it/s]
inference:  27%|██▋       | 101/370 [00:14<00:38,  7.01it/s]
inference:  28%|██▊       | 102/370 [00:14<00:38,  7.00it/s]
inference:  28%|██▊       | 103/370 [00:14<00:37,  7.07it/s]
inference:  28%|██▊       | 104/370 [00:14<00:37,  7.18it/s]
inference:  28%|██▊       | 105/370 [00:14<00:36,  7.31it/s]
inference:  29%|██▊       | 106/370 [00:15<00:36,  7.28it/s]
inference:  29%|██▉       | 107/370 [00:15<00:36,  7.18it/s]
inference:  29%|██▉       | 108/370 [00:15<00:36,  7.16it/s]
inference:  29%|██▉       | 109/370 [00:15<00:36,  7.10it/s]
inference:  30%|██▉       | 110/370 [00:15<00:36,  7.10it/s]
inference:  30%|███       | 111/370 [00:15<00:36,  7.05it/s]
inference:  30%|███       | 112/370 [00:15<00:36,  7.07it/s]
inference:  31%|███       | 113/370 [00:16<00:36,  7.01it/s]
inference:  31%|███       | 114/370 [00:16<00:36,  6.95it/s]
inference:  31%|███       | 115/370 [00:16<00:36,  6.93it/s]
inference:  31%|███▏      | 116/370 [00:16<00:36,  6.98it/s]
inference:  32%|███▏      | 117/370 [00:16<00:36,  6.96it/s]
inference:  32%|███▏      | 118/370 [00:16<00:36,  6.99it/s]
inference:  32%|███▏      | 119/370 [00:16<00:36,  6.96it/s]
inference:  32%|███▏      | 120/370 [00:17<00:35,  7.01it/s]
inference:  33%|███▎      | 121/370 [00:17<00:35,  6.99it/s]
inference:  33%|███▎      | 122/370 [00:17<00:35,  7.04it/s]
inference:  33%|███▎      | 123/370 [00:17<00:35,  7.02it/s]
inference:  34%|███▎      | 124/370 [00:17<00:34,  7.05it/s]
inference:  34%|███▍      | 125/370 [00:17<00:34,  7.02it/s]
inference:  34%|███▍      | 126/370 [00:17<00:34,  6.98it/s]
inference:  34%|███▍      | 127/370 [00:18<00:34,  6.96it/s]
inference:  35%|███▍      | 128/370 [00:18<00:34,  6.92it/s]
inference:  35%|███▍      | 129/370 [00:18<00:34,  6.89it/s]
inference:  35%|███▌      | 130/370 [00:18<00:34,  6.95it/s]
inference:  35%|███▌      | 131/370 [00:18<00:34,  6.97it/s]
inference:  36%|███▌      | 132/370 [00:18<00:33,  7.03it/s]
inference:  36%|███▌      | 133/370 [00:18<00:33,  7.05it/s]
inference:  36%|███▌      | 134/370 [00:19<00:33,  7.08it/s]
inference:  36%|███▋      | 135/370 [00:19<00:33,  7.07it/s]
inference:  37%|███▋      | 136/370 [00:19<00:33,  7.06it/s]
inference:  37%|███▋      | 137/370 [00:19<00:32,  7.14it/s]
inference:  37%|███▋      | 138/370 [00:19<00:31,  7.29it/s]
inference:  38%|███▊      | 139/370 [00:19<00:32,  7.18it/s]
inference:  38%|███▊      | 140/370 [00:19<00:32,  7.15it/s]
inference:  38%|███▊      | 141/370 [00:20<00:32,  7.11it/s]
inference:  38%|███▊      | 142/370 [00:20<00:31,  7.15it/s]
inference:  39%|███▊      | 143/370 [00:20<00:31,  7.12it/s]
inference:  39%|███▉      | 144/370 [00:20<00:31,  7.11it/s]
inference:  39%|███▉      | 145/370 [00:20<00:31,  7.12it/s]
inference:  39%|███▉      | 146/370 [00:20<00:31,  7.22it/s]
inference:  40%|███▉      | 147/370 [00:20<00:31,  7.17it/s]
inference:  40%|████      | 148/370 [00:21<00:31,  7.10it/s]
inference:  40%|████      | 149/370 [00:21<00:31,  7.04it/s]
inference:  41%|████      | 150/370 [00:21<00:31,  7.02it/s]
inference:  41%|████      | 151/370 [00:21<00:31,  7.05it/s]
inference:  41%|████      | 152/370 [00:21<00:30,  7.05it/s]
inference:  41%|████▏     | 153/370 [00:21<00:30,  7.05it/s]
inference:  42%|████▏     | 154/370 [00:21<00:30,  7.15it/s]
inference:  42%|████▏     | 155/370 [00:22<00:30,  7.08it/s]
inference:  42%|████▏     | 156/370 [00:22<00:29,  7.17it/s]
inference:  42%|████▏     | 157/370 [00:22<00:29,  7.11it/s]
inference:  43%|████▎     | 158/370 [00:22<00:29,  7.20it/s]
inference:  43%|████▎     | 159/370 [00:22<00:29,  7.12it/s]
inference:  43%|████▎     | 160/370 [00:22<00:29,  7.10it/s]
inference:  44%|████▎     | 161/370 [00:22<00:29,  7.06it/s]
inference:  44%|████▍     | 162/370 [00:23<00:29,  7.04it/s]
inference:  44%|████▍     | 163/370 [00:23<00:29,  7.06it/s]
inference:  44%|████▍     | 164/370 [00:23<00:29,  7.03it/s]
inference:  45%|████▍     | 165/370 [00:23<00:29,  7.06it/s]
inference:  45%|████▍     | 166/370 [00:23<00:28,  7.17it/s]
inference:  45%|████▌     | 167/370 [00:23<00:28,  7.12it/s]
inference:  45%|████▌     | 168/370 [00:23<00:28,  7.10it/s]
inference:  46%|████▌     | 169/370 [00:24<00:28,  7.06it/s]
inference:  46%|████▌     | 170/370 [00:24<00:28,  6.99it/s]
inference:  46%|████▌     | 171/370 [00:24<00:28,  7.02it/s]
inference:  46%|████▋     | 172/370 [00:24<00:28,  7.05it/s]
inference:  47%|████▋     | 173/370 [00:24<00:27,  7.04it/s]
inference:  47%|████▋     | 174/370 [00:24<00:27,  7.04it/s]
inference:  47%|████▋     | 175/370 [00:24<00:27,  7.04it/s]
inference:  48%|████▊     | 176/370 [00:25<00:27,  7.08it/s]
inference:  48%|████▊     | 177/370 [00:25<00:27,  7.05it/s]
inference:  48%|████▊     | 178/370 [00:25<00:27,  7.03it/s]
inference:  48%|████▊     | 179/370 [00:25<00:27,  7.03it/s]
inference:  49%|████▊     | 180/370 [00:25<00:26,  7.07it/s]
inference:  49%|████▉     | 181/370 [00:25<00:26,  7.06it/s]
inference:  49%|████▉     | 182/370 [00:25<00:26,  7.08it/s]
inference:  49%|████▉     | 183/370 [00:26<00:26,  7.04it/s]
inference:  50%|████▉     | 184/370 [00:26<00:26,  6.99it/s]
inference:  50%|█████     | 185/370 [00:26<00:26,  6.94it/s]
inference:  50%|█████     | 186/370 [00:26<00:26,  6.99it/s]
inference:  51%|█████     | 187/370 [00:26<00:26,  6.95it/s]
inference:  51%|█████     | 188/370 [00:26<00:26,  7.00it/s]
inference:  51%|█████     | 189/370 [00:26<00:25,  7.01it/s]
inference:  51%|█████▏    | 190/370 [00:27<00:25,  7.04it/s]
inference:  52%|█████▏    | 191/370 [00:27<00:25,  7.01it/s]
inference:  52%|█████▏    | 192/370 [00:27<00:25,  6.97it/s]
inference:  52%|█████▏    | 193/370 [00:27<00:24,  7.15it/s]
inference:  52%|█████▏    | 194/370 [00:27<00:24,  7.17it/s]
inference:  53%|█████▎    | 195/370 [00:27<00:24,  7.12it/s]
inference:  53%|█████▎    | 196/370 [00:27<00:24,  7.13it/s]
inference:  53%|█████▎    | 197/370 [00:27<00:24,  7.09it/s]
inference:  54%|█████▎    | 198/370 [00:28<00:24,  7.11it/s]
inference:  54%|█████▍    | 199/370 [00:28<00:24,  7.09it/s]
inference:  54%|█████▍    | 200/370 [00:28<00:23,  7.11it/s]
inference:  54%|█████▍    | 201/370 [00:28<00:23,  7.09it/s]
inference:  55%|█████▍    | 202/370 [00:28<00:23,  7.11it/s]
inference:  55%|█████▍    | 203/370 [00:28<00:23,  7.09it/s]
inference:  55%|█████▌    | 204/370 [00:28<00:23,  7.10it/s]
inference:  55%|█████▌    | 205/370 [00:29<00:23,  7.07it/s]
inference:  56%|█████▌    | 206/370 [00:29<00:23,  7.09it/s]
inference:  56%|█████▌    | 207/370 [00:29<00:23,  7.08it/s]
inference:  56%|█████▌    | 208/370 [00:29<00:22,  7.12it/s]
inference:  56%|█████▋    | 209/370 [00:29<00:22,  7.10it/s]
inference:  57%|█████▋    | 210/370 [00:29<00:22,  7.08it/s]
inference:  57%|█████▋    | 211/370 [00:29<00:22,  7.13it/s]
inference:  57%|█████▋    | 212/370 [00:30<00:22,  7.08it/s]
inference:  58%|█████▊    | 213/370 [00:30<00:22,  7.02it/s]
inference:  58%|█████▊    | 214/370 [00:30<00:22,  7.02it/s]
inference:  58%|█████▊    | 215/370 [00:30<00:21,  7.14it/s]
inference:  58%|█████▊    | 216/370 [00:30<00:21,  7.14it/s]
inference:  59%|█████▊    | 217/370 [00:30<00:21,  7.15it/s]
inference:  59%|█████▉    | 218/370 [00:30<00:21,  7.10it/s]
inference:  59%|█████▉    | 219/370 [00:31<00:21,  7.15it/s]
inference:  59%|█████▉    | 220/370 [00:31<00:20,  7.19it/s]
inference:  60%|█████▉    | 221/370 [00:31<00:20,  7.14it/s]
inference:  60%|██████    | 222/370 [00:31<00:20,  7.15it/s]
inference:  60%|██████    | 223/370 [00:31<00:20,  7.10it/s]
inference:  61%|██████    | 224/370 [00:31<00:20,  7.08it/s]
inference:  61%|██████    | 225/370 [00:31<00:20,  7.02it/s]
inference:  61%|██████    | 226/370 [00:32<00:20,  7.03it/s]
inference:  61%|██████▏   | 227/370 [00:32<00:20,  7.04it/s]
inference:  62%|██████▏   | 228/370 [00:32<00:20,  7.08it/s]
inference:  62%|██████▏   | 229/370 [00:32<00:19,  7.09it/s]
inference:  62%|██████▏   | 230/370 [00:32<00:19,  7.11it/s]
inference:  62%|██████▏   | 231/370 [00:32<00:19,  7.09it/s]
inference:  63%|██████▎   | 232/370 [00:32<00:19,  7.12it/s]
inference:  63%|██████▎   | 233/370 [00:33<00:19,  7.18it/s]
inference:  63%|██████▎   | 234/370 [00:33<00:19,  7.15it/s]
inference:  64%|██████▎   | 235/370 [00:33<00:19,  7.07it/s]
inference:  64%|██████▍   | 236/370 [00:33<00:18,  7.12it/s]
inference:  64%|██████▍   | 237/370 [00:33<00:18,  7.08it/s]
inference:  64%|██████▍   | 238/370 [00:33<00:18,  7.07it/s]
inference:  65%|██████▍   | 239/370 [00:33<00:18,  7.09it/s]
inference:  65%|██████▍   | 240/370 [00:34<00:18,  7.08it/s]
inference:  65%|██████▌   | 241/370 [00:34<00:18,  7.10it/s]
inference:  65%|██████▌   | 242/370 [00:34<00:18,  7.08it/s]
inference:  66%|██████▌   | 243/370 [00:34<00:17,  7.10it/s]
inference:  66%|██████▌   | 244/370 [00:34<00:17,  7.09it/s]
inference:  66%|██████▌   | 245/370 [00:34<00:17,  7.13it/s]
inference:  66%|██████▋   | 246/370 [00:34<00:17,  7.17it/s]
inference:  67%|██████▋   | 247/370 [00:35<00:16,  7.27it/s]
inference:  67%|██████▋   | 248/370 [00:35<00:16,  7.27it/s]
inference:  67%|██████▋   | 249/370 [00:35<00:16,  7.22it/s]
inference:  68%|██████▊   | 250/370 [00:35<00:16,  7.18it/s]
inference:  68%|██████▊   | 251/370 [00:35<00:16,  7.17it/s]
inference:  68%|██████▊   | 252/370 [00:35<00:16,  7.22it/s]
inference:  68%|██████▊   | 253/370 [00:35<00:16,  7.25it/s]
inference:  69%|██████▊   | 254/370 [00:35<00:16,  7.24it/s]
inference:  69%|██████▉   | 255/370 [00:36<00:16,  7.17it/s]
inference:  69%|██████▉   | 256/370 [00:36<00:15,  7.18it/s]
inference:  69%|██████▉   | 257/370 [00:36<00:15,  7.15it/s]
inference:  70%|██████▉   | 258/370 [00:36<00:15,  7.22it/s]
inference:  70%|███████   | 259/370 [00:36<00:15,  7.17it/s]
inference:  70%|███████   | 260/370 [00:36<00:15,  7.15it/s]
inference:  71%|███████   | 261/370 [00:36<00:15,  7.14it/s]
inference:  71%|███████   | 262/370 [00:37<00:15,  6.86it/s]
inference:  71%|███████   | 263/370 [00:37<00:15,  6.90it/s]
inference:  71%|███████▏  | 264/370 [00:37<00:15,  7.00it/s]
inference:  72%|███████▏  | 265/370 [00:37<00:14,  7.01it/s]
inference:  72%|███████▏  | 266/370 [00:37<00:14,  7.01it/s]
inference:  72%|███████▏  | 267/370 [00:37<00:14,  7.09it/s]
inference:  72%|███████▏  | 268/370 [00:37<00:14,  7.14it/s]
inference:  73%|███████▎  | 269/370 [00:38<00:14,  7.11it/s]
inference:  73%|███████▎  | 270/370 [00:38<00:14,  7.14it/s]
inference:  73%|███████▎  | 271/370 [00:38<00:13,  7.11it/s]
inference:  74%|███████▎  | 272/370 [00:38<00:13,  7.10it/s]
inference:  74%|███████▍  | 273/370 [00:38<00:13,  7.03it/s]
inference:  74%|███████▍  | 274/370 [00:38<00:13,  7.06it/s]
inference:  74%|███████▍  | 275/370 [00:38<00:13,  7.05it/s]
inference:  75%|███████▍  | 276/370 [00:39<00:13,  7.09it/s]
inference:  75%|███████▍  | 277/370 [00:39<00:13,  7.04it/s]
inference:  75%|███████▌  | 278/370 [00:39<00:13,  7.07it/s]
inference:  75%|███████▌  | 279/370 [00:39<00:12,  7.06it/s]
inference:  76%|███████▌  | 280/370 [00:39<00:12,  7.10it/s]
inference:  76%|███████▌  | 281/370 [00:39<00:12,  7.11it/s]
inference:  76%|███████▌  | 282/370 [00:39<00:12,  7.08it/s]
inference:  76%|███████▋  | 283/370 [00:40<00:12,  7.09it/s]
inference:  77%|███████▋  | 284/370 [00:40<00:12,  7.08it/s]
inference:  77%|███████▋  | 285/370 [00:40<00:12,  7.03it/s]
inference:  77%|███████▋  | 286/370 [00:40<00:11,  7.01it/s]
inference:  78%|███████▊  | 287/370 [00:40<00:11,  6.94it/s]
inference:  78%|███████▊  | 288/370 [00:40<00:11,  6.95it/s]
inference:  78%|███████▊  | 289/370 [00:40<00:11,  6.95it/s]
inference:  78%|███████▊  | 290/370 [00:41<00:11,  7.00it/s]
inference:  79%|███████▊  | 291/370 [00:41<00:11,  6.79it/s]
inference:  79%|███████▉  | 292/370 [00:41<00:11,  6.90it/s]
inference:  79%|███████▉  | 293/370 [00:41<00:11,  6.96it/s]
inference:  79%|███████▉  | 294/370 [00:41<00:10,  6.97it/s]
inference:  80%|███████▉  | 295/370 [00:41<00:10,  7.03it/s]
inference:  80%|████████  | 296/370 [00:41<00:10,  6.96it/s]
inference:  80%|████████  | 297/370 [00:42<00:10,  6.93it/s]
inference:  81%|████████  | 298/370 [00:42<00:10,  6.93it/s]
inference:  81%|████████  | 299/370 [00:42<00:10,  6.94it/s]
inference:  81%|████████  | 300/370 [00:42<00:09,  7.00it/s]
inference:  81%|████████▏ | 301/370 [00:42<00:09,  7.04it/s]
inference:  82%|████████▏ | 302/370 [00:42<00:09,  7.07it/s]
inference:  82%|████████▏ | 303/370 [00:42<00:09,  7.06it/s]
inference:  82%|████████▏ | 304/370 [00:43<00:09,  7.09it/s]
inference:  82%|████████▏ | 305/370 [00:43<00:09,  7.09it/s]
inference:  83%|████████▎ | 306/370 [00:43<00:08,  7.11it/s]
inference:  83%|████████▎ | 307/370 [00:43<00:08,  7.09it/s]
inference:  83%|████████▎ | 308/370 [00:43<00:08,  7.13it/s]
inference:  84%|████████▎ | 309/370 [00:43<00:08,  7.12it/s]
inference:  84%|████████▍ | 310/370 [00:43<00:08,  7.14it/s]
inference:  84%|████████▍ | 311/370 [00:44<00:08,  7.12it/s]
inference:  84%|████████▍ | 312/370 [00:44<00:08,  7.14it/s]
inference:  85%|████████▍ | 313/370 [00:44<00:07,  7.14it/s]
inference:  85%|████████▍ | 314/370 [00:44<00:07,  7.15it/s]
inference:  85%|████████▌ | 315/370 [00:44<00:07,  7.12it/s]
inference:  85%|████████▌ | 316/370 [00:44<00:07,  7.11it/s]
inference:  86%|████████▌ | 317/370 [00:44<00:07,  7.27it/s]
inference:  86%|████████▌ | 318/370 [00:45<00:07,  7.33it/s]
inference:  86%|████████▌ | 319/370 [00:45<00:07,  7.24it/s]
inference:  86%|████████▋ | 320/370 [00:45<00:06,  7.19it/s]
inference:  87%|████████▋ | 321/370 [00:45<00:06,  7.33it/s]
inference:  87%|████████▋ | 322/370 [00:45<00:06,  7.31it/s]
inference:  87%|████████▋ | 323/370 [00:45<00:06,  7.26it/s]
inference:  88%|████████▊ | 324/370 [00:45<00:06,  7.25it/s]
inference:  88%|████████▊ | 325/370 [00:46<00:06,  7.25it/s]
inference:  88%|████████▊ | 326/370 [00:46<00:06,  7.25it/s]
inference:  88%|████████▊ | 327/370 [00:46<00:05,  7.30it/s]
inference:  89%|████████▊ | 328/370 [00:46<00:05,  7.23it/s]
inference:  89%|████████▉ | 329/370 [00:46<00:05,  7.15it/s]
inference:  89%|████████▉ | 330/370 [00:46<00:05,  7.16it/s]
inference:  89%|████████▉ | 331/370 [00:46<00:05,  7.14it/s]
inference:  90%|████████▉ | 332/370 [00:46<00:05,  7.15it/s]
inference:  90%|█████████ | 333/370 [00:47<00:05,  7.11it/s]
inference:  90%|█████████ | 334/370 [00:47<00:05,  7.13it/s]
inference:  91%|█████████ | 335/370 [00:47<00:04,  7.11it/s]
inference:  91%|█████████ | 336/370 [00:47<00:04,  7.14it/s]
inference:  91%|█████████ | 337/370 [00:47<00:04,  7.13it/s]
inference:  91%|█████████▏| 338/370 [00:47<00:04,  7.15it/s]
inference:  92%|█████████▏| 339/370 [00:47<00:04,  7.25it/s]
inference:  92%|█████████▏| 340/370 [00:48<00:04,  7.22it/s]
inference:  92%|█████████▏| 341/370 [00:48<00:03,  7.34it/s]
inference:  92%|█████████▏| 342/370 [00:48<00:03,  7.38it/s]
inference:  93%|█████████▎| 343/370 [00:48<00:03,  7.28it/s]
inference:  93%|█████████▎| 344/370 [00:48<00:03,  7.22it/s]
inference:  93%|█████████▎| 345/370 [00:48<00:03,  7.17it/s]
inference:  94%|█████████▎| 346/370 [00:48<00:03,  7.14it/s]
inference:  94%|█████████▍| 347/370 [00:49<00:03,  7.07it/s]
inference:  94%|█████████▍| 348/370 [00:49<00:03,  7.11it/s]
inference:  94%|█████████▍| 349/370 [00:49<00:02,  7.06it/s]
inference:  95%|█████████▍| 350/370 [00:49<00:02,  7.05it/s]
inference:  95%|█████████▍| 351/370 [00:49<00:02,  7.05it/s]
inference:  95%|█████████▌| 352/370 [00:49<00:02,  7.08it/s]
inference:  95%|█████████▌| 353/370 [00:49<00:02,  7.07it/s]
inference:  96%|█████████▌| 354/370 [00:50<00:02,  7.09it/s]
inference:  96%|█████████▌| 355/370 [00:50<00:02,  7.08it/s]
inference:  96%|█████████▌| 356/370 [00:50<00:01,  7.11it/s]
inference:  96%|█████████▋| 357/370 [00:50<00:01,  7.22it/s]
inference:  97%|█████████▋| 358/370 [00:50<00:01,  7.17it/s]
inference:  97%|█████████▋| 359/370 [00:50<00:01,  7.14it/s]
inference:  97%|█████████▋| 360/370 [00:50<00:01,  7.15it/s]
inference:  98%|█████████▊| 361/370 [00:51<00:01,  7.18it/s]
inference:  98%|█████████▊| 362/370 [00:51<00:01,  7.08it/s]
inference:  98%|█████████▊| 363/370 [00:51<00:00,  7.06it/s]
inference:  98%|█████████▊| 364/370 [00:51<00:00,  7.08it/s]
inference:  99%|█████████▊| 365/370 [00:51<00:00,  7.06it/s]
inference:  99%|█████████▉| 366/370 [00:51<00:00,  7.07it/s]
inference:  99%|█████████▉| 367/370 [00:51<00:00,  7.11it/s]
inference:  99%|█████████▉| 368/370 [00:52<00:00,  7.14it/s]
inference: 100%|█████████▉| 369/370 [00:52<00:00,  7.08it/s]
inference: 100%|██████████| 370/370 [00:52<00:00,  7.48it/s]
inference: 100%|██████████| 370/370 [00:52<00:00,  7.08it/s]
ADOPTED measured emission policy: t0=0.1 thin=True dilate=0px  (evidence: data/evidence/emission_decision.json; the in-domain calibration would have used t0=0.0924021)
submission shaping {'t0': 0.1, 'thin': True, 'hard': True, 'gamma': 1.0, 'dilate': 0, 'source': 'adopted_measured_policy', 'adopted': {'t0': 0.1, 'thin': True, 'dilate': 0, 'source': 'adopted_measured_policy', 'evidence': 'data/evidence/emission_decision.json'}, 'in_domain_control': {'t0': 0.0924021, 'thin': True}}: probability mass 287502 -> 27250
grid from sample submission data/sample_submission.tif: 3292x3730 EPSG:32611 float32
template conformance: filled 3061 NaN px inside the sample's valid region, masked 1540 px outside it, clipped 0 px to [0,1]
wrote submission.tif  valid_px=5167373/12279160 nonzero=26291 mass=26291.0 tiled=True blocks=[[256, 256]]
wrote inference_summary.json  (mass 287502 -> 26291)
LOCAL DTI vs training labels = 0.0246 (TP=1329 FP=25010 FN=59659) - optimistic: these are the labels the model was trained on
